SUMMARY:
	ROM0: 24036 bytes used / 8732 free
	WRAM0: 6766 bytes used / 1426 free

ROM0 bank #0:
	SECTION: $0000-$0007 ($0008 bytes) ["Org $0"]
	EMPTY: $0008-$003f ($0038 bytes)
	SECTION: $0040-$0042 ($0003 bytes) ["Org $40"]
	EMPTY: $0043-$0047 ($0005 bytes)
	SECTION: $0048-$0067 ($0020 bytes) ["Org $48"]
	         $004b = lcdc_int
	         $0059 = lcdc_int.skip2
	         $0066 = lcdc_int.skip
	SECTION: $0068-$00ac ($0045 bytes) ["Keypad Code"]
	         $0068 = pad_Read
	EMPTY: $00ad-$00ff ($0053 bytes)
	SECTION: $0100-$01da ($00db bytes) ["Org $100"]
	         $0150 = vblank_int
	         $016e = vblank_int.skip
	         $01ad = vblank_int.vbdma2
	         $01cb = vblank_int.vbdma3
	         $01cd = vblank_int.vbdma4
	         $01d9 = vblank_int.vbexit
	EMPTY: $01db-$01ff ($0025 bytes)
	SECTION: $0200-$0207 ($0008 bytes) ["Main #1"]
	EMPTY: $0208-$02ff ($00f8 bytes)
	SECTION: $0300-$0307 ($0008 bytes) ["Main #2"]
	EMPTY: $0308-$03ff ($00f8 bytes)
	SECTION: $0400-$048f ($0090 bytes) ["Main #3"]
	EMPTY: $0490-$04ff ($0070 bytes)
	SECTION: $0500-$059f ($00a0 bytes) ["Main #4"]
	EMPTY: $05a0-$05ff ($0060 bytes)
	SECTION: $0600-$06ff ($0100 bytes) ["Main #5"]
	SECTION: $0700-$3386 ($2c87 bytes) ["Memory1 Code"]
	         $0700 = mem_Set
	         $0704 = mem_Set.loop
	         $0705 = mem_Set.skip
	         $070c = mem_Copy
	         $0710 = mem_Copy.loop
	         $0713 = mem_Copy.skip
	         $071a = mem_CopyMono
	         $071e = mem_CopyMono.loop
	         $0723 = mem_CopyMono.skip
	         $072a = mem_SetVRAM
	         $072e = mem_SetVRAM.loop
	         $0739 = mem_SetVRAM.skip
	         $0740 = mem_CopyVRAM
	         $0744 = mem_CopyVRAM.loop
	         $074f = mem_CopyVRAM.skip
	         $0756 = XorLine
	         $0797 = XorLine.xline1
	         $07ab = XorLine.xline1x
	         $07c5 = XorLine.xline2
	         $07c9 = XorLine.xline2x
	         $07d4 = XorLine.xline3
	         $0832 = XorLine.loop10
	         $083c = XorLine.loop11
	         $0847 = XorLine.skip11
	         $0856 = XorLine.skip13
	         $085d = XorLine.loop15
	         $0861 = XorLine.loop16
	         $086c = XorLine.skip16
	         $087b = XorLine.skip18
	         $0882 = XorLine.mloop2
	         $0882 = XorLine.loop20
	         $088c = XorLine.loop21
	         $089d = XorLine.skip22
	         $08a6 = XorLine.skip23
	         $08ad = XorLine.loop25
	         $08b1 = XorLine.loop26
	         $08c2 = XorLine.skip27
	         $08cb = XorLine.skip28
	         $08d2 = XorLine.VertLine
	         $08fd = XorLine.loop30
	         $0904 = XorLine.skip30
	         $090e = XorLine.pos30
	         $0914 = XorLine.loop32
	         $091b = XorLine.skip32
	         $0925 = XorLine.HorizLine
	         $0933 = XorLine.nosort
	         $096b = XorLine.blitloop
	         $0973 = XorLine.blitloop2
	         $097d = XorLine.done
	         $097e = XorLine.sameadr
	         $0989 = XorLine.DoEndPixels
	         $0990 = BlackLine
	         $09d1 = BlackLine.xline1
	         $09e5 = BlackLine.xline1x
	         $09ff = BlackLine.xline2
	         $0a03 = BlackLine.xline2x
	         $0a0e = BlackLine.xline3
	         $0a6c = BlackLine.loop10
	         $0a76 = BlackLine.loop11
	         $0a81 = BlackLine.skip11
	         $0a90 = BlackLine.skip13
	         $0a97 = BlackLine.loop15
	         $0a9b = BlackLine.loop16
	         $0aa6 = BlackLine.skip16
	         $0ab5 = BlackLine.skip18
	         $0abc = BlackLine.mloop2
	         $0abc = BlackLine.loop20
	         $0ac6 = BlackLine.loop21
	         $0ad7 = BlackLine.skip22
	         $0ae0 = BlackLine.skip23
	         $0ae7 = BlackLine.loop25
	         $0aeb = BlackLine.loop26
	         $0afc = BlackLine.skip27
	         $0b05 = BlackLine.skip28
	         $0b0c = BlackLine.VertLine
	         $0b37 = BlackLine.loop30
	         $0b3e = BlackLine.skip30
	         $0b48 = BlackLine.pos30
	         $0b4e = BlackLine.loop32
	         $0b55 = BlackLine.skip32
	         $0b5f = BlackLine.HorizLine
	         $0b6d = BlackLine.nosort
	         $0ba6 = BlackLine.blitloop
	         $0baa = BlackLine.blitloop2
	         $0bb0 = BlackLine.done
	         $0bb1 = BlackLine.sameadr
	         $0bbc = BlackLine.DoEndPixels
	         $0bc3 = WhiteLine
	         $0c04 = WhiteLine.xline1
	         $0c18 = WhiteLine.xline1x
	         $0c32 = WhiteLine.xline2
	         $0c36 = WhiteLine.xline2x
	         $0c41 = WhiteLine.xline3
	         $0ca0 = WhiteLine.loop10
	         $0caa = WhiteLine.loop11
	         $0cb5 = WhiteLine.skip11
	         $0cc4 = WhiteLine.skip13
	         $0ccb = WhiteLine.loop15
	         $0ccf = WhiteLine.loop16
	         $0cda = WhiteLine.skip16
	         $0ce9 = WhiteLine.skip18
	         $0cf0 = WhiteLine.mloop2
	         $0cf0 = WhiteLine.loop20
	         $0cfa = WhiteLine.loop21
	         $0d0b = WhiteLine.skip22
	         $0d14 = WhiteLine.skip23
	         $0d1b = WhiteLine.loop25
	         $0d1f = WhiteLine.loop26
	         $0d30 = WhiteLine.skip27
	         $0d39 = WhiteLine.skip28
	         $0d40 = WhiteLine.VertLine
	         $0d6c = WhiteLine.loop30
	         $0d73 = WhiteLine.skip30
	         $0d7d = WhiteLine.pos30
	         $0d83 = WhiteLine.loop32
	         $0d8a = WhiteLine.skip32
	         $0d94 = WhiteLine.HorizLine
	         $0da2 = WhiteLine.nosort
	         $0dde = WhiteLine.blitloop
	         $0de2 = WhiteLine.blitloop2
	         $0de8 = WhiteLine.done
	         $0de9 = WhiteLine.sameadr
	         $0df5 = WhiteLine.DoEndPixels
	         $0dfc = LightLine
	         $0e3d = LightLine.xline1
	         $0e51 = LightLine.xline1x
	         $0e6b = LightLine.xline2
	         $0e6f = LightLine.xline2x
	         $0e7a = LightLine.xline3
	         $0eda = LightLine.loop10
	         $0ee0 = LightLine.loop11
	         $0eeb = LightLine.skip11
	         $0efa = LightLine.skip13
	         $0f03 = LightLine.loop15
	         $0f03 = LightLine.loop16
	         $0f0e = LightLine.skip16
	         $0f1d = LightLine.skip18
	         $0f26 = LightLine.mloop2
	         $0f26 = LightLine.loop20
	         $0f2c = LightLine.loop21
	         $0f3d = LightLine.skip22
	         $0f46 = LightLine.skip23
	         $0f4f = LightLine.loop25
	         $0f4f = LightLine.loop26
	         $0f60 = LightLine.skip27
	         $0f69 = LightLine.skip28
	         $0f72 = LightLine.VertLine
	         $0f9f = LightLine.loop30
	         $0fa6 = LightLine.skip30
	         $0fb0 = LightLine.pos30
	         $0fb6 = LightLine.loop32
	         $0fbd = LightLine.skip32
	         $0fc7 = LightLine.HorizLine
	         $0fd5 = LightLine.nosort
	         $1012 = LightLine.blitloop
	         $1017 = LightLine.blitloop2
	         $101e = LightLine.done
	         $101f = LightLine.sameadr
	         $102a = LightLine.DoEndPixels
	         $1033 = DarkLine
	         $1074 = DarkLine.xline1
	         $1088 = DarkLine.xline1x
	         $10a2 = DarkLine.xline2
	         $10a6 = DarkLine.xline2x
	         $10b1 = DarkLine.xline3
	         $1111 = DarkLine.loop10
	         $1117 = DarkLine.loop11
	         $1122 = DarkLine.skip11
	         $1131 = DarkLine.skip13
	         $113a = DarkLine.loop15
	         $113a = DarkLine.loop16
	         $1145 = DarkLine.skip16
	         $1154 = DarkLine.skip18
	         $115d = DarkLine.mloop2
	         $115d = DarkLine.loop20
	         $1163 = DarkLine.loop21
	         $1174 = DarkLine.skip22
	         $117d = DarkLine.skip23
	         $1186 = DarkLine.loop25
	         $1186 = DarkLine.loop26
	         $1197 = DarkLine.skip27
	         $11a0 = DarkLine.skip28
	         $11a9 = DarkLine.VertLine
	         $11d6 = DarkLine.loop30
	         $11dd = DarkLine.skip30
	         $11e7 = DarkLine.pos30
	         $11ed = DarkLine.loop32
	         $11f4 = DarkLine.skip32
	         $11fe = DarkLine.HorizLine
	         $120c = DarkLine.nosort
	         $1247 = DarkLine.blitloop
	         $124c = DarkLine.blitloop2
	         $1253 = DarkLine.done
	         $1254 = DarkLine.sameadr
	         $125f = DarkLine.DoEndPixels
	         $1268 = SolidFill
	         $127a = fill01
	         $128a = fill1
	         $128f = fill2
	         $1296 = fill3
	         $12ba = fill4
	         $12c2 = fill5
	         $12d6 = fill6
	         $12d7 = fill7
	         $12da = fill8
	         $12e4 = ptst
	         $12f7 = ptstoob
	         $12fb = ellipse
	         $131e = Circ0
	         $1357 = Circ1
	         $13ab = Circ2
	         $13dc = PlotSh
	         $1415 = Circ3
	         $1458 = Circ4
	         $1478 = Circ5
	         $14a9 = PlotSk
	         $14b6 = PlotXY
	         $14c8 = Mult
	         $14d0 = Mult1
	         $14d4 = Mult2
	         $14d8 = CompHD
	         $14de = SinLUp
	         $14e7 = SABLE
	         $1542 = Comp
	         $154a = XorTri
	         $1557 = WhiteTri
	         $1564 = BlackTri
	         $1571 = LightTri
	         $157e = DarkTri
	         $158b = TextureTri
	         $1598 = PatternTri
	         $15a5 = DisplayXorEdgeBuf
	         $15aa = DisplayXorEdgeBuf.start2
	         $15b7 = DisplayXorEdgeBuf.mainl2
	         $15f5 = DisplayXorEdgeBuf.blitloop
	         $15fd = DisplayXorEdgeBuf.blitloop2
	         $1607 = DisplayXorEdgeBuf.done
	         $160e = DisplayXorEdgeBuf.sameadr
	         $1613 = DisplayXorEdgeBuf.DoEndPixels
	         $1620 = DisplayBlackEdgeBuf
	         $1625 = DisplayBlackEdgeBuf.start2
	         $1632 = DisplayBlackEdgeBuf.mainl2
	         $1672 = DisplayBlackEdgeBuf.blitloop
	         $1676 = DisplayBlackEdgeBuf.blitloop2
	         $167c = DisplayBlackEdgeBuf.done
	         $1683 = DisplayBlackEdgeBuf.sameadr
	         $1688 = DisplayBlackEdgeBuf.DoEndPixels
	         $1695 = DisplayWhiteEdgeBuf
	         $169a = DisplayWhiteEdgeBuf.start2
	         $16a7 = DisplayWhiteEdgeBuf.mainl2
	         $16e9 = DisplayWhiteEdgeBuf.blitloop
	         $16ed = DisplayWhiteEdgeBuf.blitloop2
	         $16f3 = DisplayWhiteEdgeBuf.done
	         $16fa = DisplayWhiteEdgeBuf.sameadr
	         $1701 = DisplayWhiteEdgeBuf.DoEndPixels
	         $170e = DisplayLightEdgeBuf
	         $1713 = DisplayLightEdgeBuf.start2
	         $1720 = DisplayLightEdgeBuf.mainl2
	         $1763 = DisplayLightEdgeBuf.blitloop
	         $1768 = DisplayLightEdgeBuf.blitloop2
	         $176f = DisplayLightEdgeBuf.done
	         $1778 = DisplayLightEdgeBuf.sameadr
	         $177f = DisplayLightEdgeBuf.DoEndPixels
	         $178c = DisplayDarkEdgeBuf
	         $1791 = DisplayDarkEdgeBuf.start2
	         $179e = DisplayDarkEdgeBuf.mainl2
	         $17e1 = DisplayDarkEdgeBuf.blitloop
	         $17e6 = DisplayDarkEdgeBuf.blitloop2
	         $17ed = DisplayDarkEdgeBuf.done
	         $17f6 = DisplayDarkEdgeBuf.sameadr
	         $17fd = DisplayDarkEdgeBuf.DoEndPixels
	         $180a = SetTextureAddress
	         $180e = DisplayTexturedEdgeBuf
	         $1813 = DisplayTexturedEdgeBuf.start2
	         $1821 = DisplayTexturedEdgeBuf.mainl2
	         $187f = DisplayTexturedEdgeBuf.blitloop
	         $1887 = DisplayTexturedEdgeBuf.blitloop2
	         $1891 = DisplayTexturedEdgeBuf.done
	         $1897 = DisplayTexturedEdgeBuf.sameadr
	         $189b = DisplayTexturedEdgeBuf.sameadr2
	         $18be = SetPatternAddress
	         $18c9 = DisplayPatternEdgeBuf
	         $18ce = DisplayPatternEdgeBuf.start2
	         $18db = DisplayPatternEdgeBuf.mainl2
	         $1943 = DisplayPatternEdgeBuf.blitloop
	         $194c = DisplayPatternEdgeBuf.blitloop2
	         $1957 = DisplayPatternEdgeBuf.done
	         $195d = DisplayPatternEdgeBuf.sameadr
	         $1961 = DisplayPatternEdgeBuf.sameadr2
	         $1989 = RenderToEdgeBuf
	         $19c3 = DoLine
	         $19ed = DoLine.yline2
	         $19f5 = DoLine.yline2x
	         $1a00 = DoLine.yline3
	         $1a57 = _EdgeLoop1
	         $1a59 = _ESPatch11
	         $1a59 = _EdgeLoop1.floop1
	         $1a5b = _efloop2
	         $1a60 = _efloop2.skip2
	         $1a66 = _efloop2.skip3
	         $1a67 = _EXPatch11
	         $1a6e = _EDPatch11
	         $1a76 = _eskip10
	         $1a7d = _efloop3
	         $1a7d = _ESPatch13
	         $1a7f = _efloop4
	         $1a84 = _efloop4.skip12
	         $1a8a = _efloop4.skip14
	         $1a8f = _EXPatch12
	         $1a90 = _EDPatch13
	         $1a98 = _eskip11
	         $1a9f = _EdgeLoop3
	         $1aa0 = InstallEdgeLineCode
	         $1aad = SortYCoords
	         $1ab6 = SortYCoords.noswapbcde
	         $1abf = SortYCoords.noswapdehl
	         $1ac8 = SortYCoords.noswapbcde2
	         $1ade = ClearEdgeBuf
	         $1ae9 = ClearEdgeBuf.loop
	         $1b00 = WaitAndClearRenderBuffer
	         $1b00 = WaitAndClearRenderBuffer.loop0
	         $1b0a = ClearRenderBuffer
	         $1b14 = ClearRenderBuffer.loop
	         $1b39 = DrawCube
	         $1b50 = DrawCube.loop
	         $1b80 = DrawCube.done
	         $1b82 = OneRow
	         $1bb7 = ProcessInput
	         $1bc9 = ProcessInput.n0
	         $1bd5 = ProcessInput.n1
	         $1be1 = ProcessInput.n2
	         $1bed = ProcessInput.n3
	         $1bf9 = ProcessInput.n4
	         $1c05 = ProcessInput.n5
	         $1c06 = ProjectCube
	         $1e0b = SetRotationMatrix
	         $1e1a = SetRotationMatrix.skip_u1
	         $1e2b = SetRotationMatrix.skip_u2
	         $1e3c = SetRotationMatrix.skip_u3
	         $1e4d = SetRotationMatrix.skip_u4
	         $1e5e = SetRotationMatrix.skip_u5
	         $1e6f = SetRotationMatrix.skip_u6
	         $1e80 = SetRotationMatrix.skip_u7
	         $1e91 = SetRotationMatrix.skip_u8
	         $1ea2 = SetRotationMatrix.skip_u9
	         $1eb3 = SetRotationMatrix.skip_u10
	         $1eb6 = calca
	         $1ec7 = calcb
	         $1ed7 = calcc
	         $1edf = calcd
	         $1f0d = calce
	         $1f39 = calcf
	         $1f49 = calcg
	         $1f75 = calch
	         $1fa1 = calci
	         $1fb2 = ProjectPoint
	         $2018 = SMult
	         $2032 = cont1
	         $2038 = sloop
	         $203c = jump1
	         $2063 = neg
	         $206d = cont2
	         $2071 = cont3
	         $2077 = sloop2
	         $207b = jump2
	         $20ac = DrawPerson
	         $2350 = DrawPerson.done
	         $2352 = SmallStar
	         $23b7 = sline
	         $23bd = GB_AttrMap
	         $2435 = HatManCGBPalettes
	         $245d = XorLines
	         $2477 = XorLines.loop
	         $2479 = XorLines.loop0
	         $24a7 = XorLines.mloop
	         $24a9 = XorLines.loop1
	         $24cd = XorLines.loop2
	         $24f1 = XorLines.loop3
	         $2515 = XorLines.loop4
	         $253a = UpDown
	         $253c = UpDown.loop1
	         $253e = UpDown.loop2
	         $2562 = UpDown2
	         $2564 = XorlineGBCPalettes
	         $2584 = XorlineAttrMap
	         $2638 = SetX
	         $2645 = SetY
	         $264c = RandomTris
	         $2651 = RandomTris.loop0
	         $2654 = RandomTris.loop
	         $267e = RandomTris.loop1
	         $2681 = RandomTris.loop2
	         $26ad = RandomTextureTris
	         $26b2 = RandomTextureTris.loop0
	         $26b5 = RandomTextureTris.loop
	         $26e9 = RandomTextureTris.loop1
	         $26ec = RandomTextureTris.loop2
	         $2722 = LargeTriTest
	         $272d = LargeTriTest.loop0
	         $2730 = LargeTriTest.loop
	         $275a = LargeTriTest.loop1
	         $275d = LargeTriTest.loop2
	         $2795 = tristuff
	         $2830 = tri440
	         $2833 = tritest2
	         $2838 = tritest2.outer
	         $283e = tritest2.loop
	         $2869 = tritest3
	         $2877 = tritest3.lpt
	         $2879 = tritest5
	         $28b3 = DrawX
	         $290d = DrawX.hpp
	         $2910 = MassiveDelay
	         $2911 = MassiveDelay.loop2
	         $2914 = MassiveDelay.loop1
	         $291a = RandomColorBuffer
	         $292d = RandomColorTriBW
	         $2934 = RandomColorTri
	         $2939 = RCT2
	         $2947 = DrawMario
	         $296e = DrawMario.loop1
	         $296f = DrawMario.loop2
	         $299c = DrawMario.loop3
	         $29b5 = Blink1
	         $29b7 = Blink1.loop1
	         $29ca = Blink1.loop2
	         $29d6 = Blink2
	         $29d8 = Blink2.loop1
	         $29eb = Blink2.loop2
	         $29f7 = DrawEyelash
	         $2a28 = DrawEyelash.loop2
	         $2a34 = FunkyDelay
	         $2a36 = FunkyDly
	         $2a36 = FunkyDly.loop1
	         $2a39 = FunkyDly.loop2
	         $2a42 = DrawFace
	         $2a47 = DrawEyes
	         $2a4c = _DrawLoop1
	         $2a54 = _DrawLoop2
	         $2ab1 = _DrawLoop2.doline
	         $2af2 = _DrawLoop2.listdone
	         $2af3 = _DrawLoop2.setcolor
	         $2afb = _DrawLoop2.DoTri
	         $2b11 = _DrawLoop2.ScaleCoord
	         $2b25 = _DrawLoop2.ScaleJmpTab
	         $2b41 = _DrawLoop2.TriScale_5
	         $2b45 = _DrawLoop2.TriScale_625
	         $2b4f = _DrawLoop2.TriScale_75
	         $2b57 = _DrawLoop2.TriScale_875
	         $2b63 = _DrawLoop2.TriScale1
	         $2b65 = _DrawLoop2.TriScale1_25
	         $2b6d = _DrawLoop2.TriScale1_5
	         $2b73 = _DrawLoop2.TriScale1_75
	         $2b7d = _DrawLoop2.TriScale2
	         $2b80 = _DrawLoop2.TriScale2_25
	         $2b8a = _DrawLoop2.TriScale2_5
	         $2b92 = _DrawLoop2.TriScale2_75
	         $2b9e = _DrawLoop2.TriScale3
	         $2ba2 = _DrawLoop2.TriScale3_25
	         $2bad = FaceDisplayList
	         $2d7c = EyesDisplayList
	         $2e7d = MarioAttrMap
	         $2f0d = MarioGBCPalettes
	         $2f1d = BlueeyesGBCPalettes
	         $2f2d = AnimateStreet
	         $2f43 = AnimateStreet.loop1
	         $2f45 = AnimateStreet.loop2
	         $2f8a = DrawLeftTree
	         $2f92 = DrawLeftTree.skip
	         $2fc2 = DrawRightTree
	         $2fca = DrawRightTree.skip
	         $2ff9 = SetPatAdr
	         $3000 = TreeOrgTable
	         $3019 = TreeXTable
	         $3039 = DrawTree
	         $303e = _DrawSLoop1
	         $3046 = _DrawSLoop2
	         $30a3 = _DrawSLoop2.doline
	         $30e4 = _DrawSLoop2.listdone
	         $30e5 = _DrawSLoop2.setcolor
	         $30ed = DoTri
	         $310b = ScaleCoord
	         $311f = ScaleJmpTab
	         $3147 = TriScale_25
	         $314d = TriScale_5
	         $3151 = TriScale_625
	         $315b = TriScale_75
	         $3163 = TriScale_875
	         $316f = TriScale1
	         $3171 = TriScale1_25
	         $3179 = TriScale1_5
	         $317f = TriScale1_75
	         $3189 = TriScale2
	         $318c = TriScale2_25
	         $3196 = TriScale2_5
	         $319e = TriScale2_75
	         $31aa = TriScale3
	         $31ae = TriScale3_25
	         $31b9 = TriScale4
	         $31bd = TriScale5
	         $31c2 = TriScale6
	         $31c8 = TriScale7
	         $31cf = TriScale8
	         $31d4 = TreeDisplayList
	         $3201 = StreetGBCPalettes
	         $3211 = Menu
	         $3379 = JumpTable
	SECTION: $3387-$4386 ($1000 bytes) ["Pattern Data"]
	         $3387 = Patterns
	SECTION: $4387-$5386 ($1000 bytes) ["Font Data"]
	         $4387 = Font
	SECTION: $5387-$5b86 ($0800 bytes) ["8x8 Texture Data"]
	         $5387 = Textures
	SECTION: $5b87-$6158 ($05d2 bytes) ["Main Code"]
	         $5b87 = begin
	         $5c08 = WaitOnUser
	         $5c24 = WaitOnUser.down
	         $5c2d = WaitOnUser.nowrap1
	         $5c35 = WaitOnUser.up
	         $5c3d = WaitOnUser.nowrap2
	         $5c40 = WaitOnUser.execute
	         $5c65 = DrawPointer
	         $5c6a = DrawPointer.loop1
	         $5c96 = DrawLine
	         $5cac = DrawPoint
	         $5ccf = PntTest
	         $5cdc = PntTest.skip1
	         $5ce3 = PntTest.skip2
	         $5ce8 = CalcPntAddr
	         $5d01 = Color0
	         $5d0c = Color1
	         $5d16 = Color2
	         $5d20 = Color3
	         $5d2a = PntXor
	         $5d32 = ClearTiles
	         $5d37 = ClearTiles.loop
	         $5d4e = SetLastTiles
	         $5d81 = SetAPATileMap1
	         $5d86 = SetAPATileMap2
	         $5d89 = _initscrn
	         $5d92 = _initscrn.loop1
	         $5d95 = _initscrn.loop2
	         $5daa = _initscrn.filledges
	         $5dc1 = _initscrn.fillcol
	         $5dc7 = _initscrn.loop5
	         $5dcf = ScreenOff
	         $5dde = ScreenOff.loop
	         $5dec = SetCGB_BGP
	         $5df4 = SetCGB_BGP.loop
	         $5dfa = SetCGB_OBJP
	         $5e02 = SetCGB_OBJP.loop
	         $5e08 = FillCGBAttrPage1
	         $5e0f = FillCGBAttrPage2
	         $5e14 = _FillCGBAP
	         $5e1a = _FillCGBAP.memc0
	         $5e1c = _FillCGBAP.memc1
	         $5e1e = _FillCGBAP.memc2
	         $5e2e = SetCGBAttrMap1
	         $5e35 = SetCGBAttrMap2
	         $5e3a = _SetAttrMp
	         $5e3f = _SetAttrMp.memc0
	         $5e41 = _SetAttrMp.memc1
	         $5e46 = _SetAttrMp.memc2
	         $5e65 = _SetAttrMp.memc3
	         $5e88 = Copy20x18
	         $5e8a = Copy20xB
	         $5e8c = Copy20xB.loop
	         $5e9e = ToggleCPUSpeed
	         $5eb9 = Randomize
	         $5ecc = RandomFrom0To63
	         $5ed2 = RandomFrom0To127
	         $5ed8 = RandomFrom0To159
	         $5ee0 = RandomFrom0To143
	         $5ee8 = RandomNumber
	         $5ef6 = RandomNumber.nocarry
	         $5ef9 = RandomNumber.table
	         $5ff9 = DefaultCGBPalettes
	         $6039 = YTable
	EMPTY: $6159-$7fff ($1ea7 bytes)
	TOTAL EMPTY: $221c bytes

WRAM0 bank #0:
	SECTION: $c000 ($0000 bytes) ["Low Ram Street"]
	SECTION: $c000-$d728 ($1729 bytes) ["Low Ram"]
	         $c000 = SrnBuffer
	         $d680 = SpriteTable
	         $d720 = dd
	         $d722 = Color
	         $d723 = RandomSeed
	         $d724 = StartDMA
	         $d725 = DMAState
	         $d726 = PointerY
	         $d727 = EnableAPA
	         $d728 = DMAFlag
	SECTION: $d729-$d914 ($01ec bytes) ["Triangle Ram"]
	         $d729 = EdgeBuf
	         $d84b = EdgeLineCode
	         $d913 = Middle
	SECTION: $d915-$da17 ($0103 bytes) ["Fill Ram"]
	         $d915 = EmptyColor
	         $d916 = StkSave
	         $da18 = FillStack
	SECTION: $da18-$da4e ($0037 bytes) ["3D Vars"]
	         $da18 = acc
	         $da19 = ext
	         $da1a = aux
	         $da1b = rem
	         $da1c = sx
	         $da1d = sy
	         $da1e = sz
	         $da1f = t1
	         $da20 = t2
	         $da21 = t3
	         $da22 = t4
	         $da23 = t5
	         $da24 = t6
	         $da25 = t7
	         $da26 = t8
	         $da27 = t9
	         $da28 = t10
	         $da29 = ttx1
	         $da2a = tty1
	         $da2b = a11
	         $da2c = b12
	         $da2d = c13
	         $da2e = d21
	         $da2f = e22
	         $da30 = f23
	         $da31 = g31
	         $da32 = h32
	         $da33 = i33
	         $da34 = ta
	         $da35 = tb
	         $da36 = tc
	         $da37 = td
	         $da38 = te
	         $da39 = tf
	         $da3a = tg
	         $da3b = th
	         $da3c = ti
	         $da3d = p1x
	         $da3e = p2x
	         $da3f = p3x
	         $da40 = p4x
	         $da41 = p5x
	         $da42 = p6x
	         $da43 = p7x
	         $da44 = p8x
	         $da45 = p1y
	         $da46 = p2y
	         $da47 = p3y
	         $da48 = p4y
	         $da49 = p5y
	         $da4a = p6y
	         $da4b = p7y
	         $da4c = p8y
	         $da4d = xoff
	         $da4e = yoff
	SECTION: $da4f-$da65 ($0017 bytes) ["Ellipse Ram"]
	         $da4f = ColX
	         $da51 = ColY
	         $da53 = ChkVal
	         $da54 = SinInc
	         $da55 = XRad
	         $da57 = YRad
	         $da59 = RelX1
	         $da5b = RelX2
	         $da5d = RelY1
	         $da5f = RelY2
	         $da61 = SinCnt
	         $da62 = xm
	         $da64 = ym
	SECTION: $da66-$da6b ($0006 bytes) ["Low Ram Mario"]
	         $da66 = TriTable
	         $da68 = TriColor
	         $da69 = TriScale
	         $da6a = TriXOffset
	         $da6b = TriYOffset
	SECTION: $da6c-$da6d ($0002 bytes) ["UtilityVars"]
	         $da6c = _PadData
	         $da6d = _PadDataEdge
	EMPTY: $da6e-$dfff ($0592 bytes)
	TOTAL EMPTY: $0592 bytes
