ROM0 bank #0:
	SECTION: $0000-$0007 ($0008 bytes) ["Org $0"]
	EMPTY: $0008-$003f ($0038 bytes)
	SECTION: $0040-$0042 ($0003 bytes) ["Org $40"]
	EMPTY: $0043-$0047 ($0005 bytes)
	SECTION: $0048-$0065 ($001e bytes) ["Org $48"]
	         $004b = lcdc_int
	         $0058 = lcdc_int.skip2
	         $0064 = lcdc_int.skip
	SECTION: $0066-$009f ($003a bytes) ["Keypad Code"]
	         $0066 = pad_Read
	EMPTY: $00a0-$00ff ($0060 bytes)
	SECTION: $0100-$01ca ($00cb bytes) ["Org $100"]
	         $0150 = vblank_int
	         $016c = vblank_int.skip
	         $01a4 = vblank_int.vbdma2
	         $01bd = vblank_int.vbdma3
	         $01bf = vblank_int.vbdma4
	         $01c9 = vblank_int.vbexit
	EMPTY: $01cb-$01ff ($0035 bytes)
	SECTION: $0200-$0207 ($0008 bytes) ["Main #1"]
	EMPTY: $0208-$02ff ($00f8 bytes)
	SECTION: $0300-$0307 ($0008 bytes) ["Main #2"]
	EMPTY: $0308-$03ff ($00f8 bytes)
	SECTION: $0400-$048f ($0090 bytes) ["Main #3"]
	EMPTY: $0490-$04ff ($0070 bytes)
	SECTION: $0500-$059f ($00a0 bytes) ["Main #4"]
	EMPTY: $05a0-$05ff ($0060 bytes)
	SECTION: $0600-$06ff ($0100 bytes) ["Main #5"]
	SECTION: $0700-$31b1 ($2ab2 bytes) ["Memory1 Code"]
	         $0700 = mem_Set
	         $0704 = mem_Set.loop
	         $0705 = mem_Set.skip
	         $070c = mem_Copy
	         $0710 = mem_Copy.loop
	         $0713 = mem_Copy.skip
	         $071a = mem_CopyMono
	         $071e = mem_CopyMono.loop
	         $0723 = mem_CopyMono.skip
	         $072a = mem_SetVRAM
	         $072e = mem_SetVRAM.loop
	         $0739 = mem_SetVRAM.skip
	         $0740 = mem_CopyVRAM
	         $0744 = mem_CopyVRAM.loop
	         $074f = mem_CopyVRAM.skip
	         $0756 = XorLine
	         $078b = XorLine.xline1
	         $0799 = XorLine.xline1x
	         $07b0 = XorLine.xline2
	         $07b3 = XorLine.xline2x
	         $07be = XorLine.xline3
	         $0816 = XorLine.loop10
	         $081e = XorLine.loop11
	         $0829 = XorLine.skip11
	         $0837 = XorLine.skip13
	         $083e = XorLine.loop15
	         $0841 = XorLine.loop16
	         $084c = XorLine.skip16
	         $085a = XorLine.skip18
	         $0861 = XorLine.mloop2
	         $0861 = XorLine.loop20
	         $0869 = XorLine.loop21
	         $087a = XorLine.skip22
	         $0882 = XorLine.skip23
	         $0889 = XorLine.loop25
	         $088c = XorLine.loop26
	         $089d = XorLine.skip27
	         $08a5 = XorLine.skip28
	         $08ac = XorLine.VertLine
	         $08d3 = XorLine.loop30
	         $08da = XorLine.skip30
	         $08e4 = XorLine.pos30
	         $08ea = XorLine.loop32
	         $08f1 = XorLine.skip32
	         $08fb = XorLine.HorizLine
	         $0907 = XorLine.nosort
	         $093d = XorLine.blitloop
	         $0945 = XorLine.blitloop2
	         $094f = XorLine.done
	         $0950 = XorLine.sameadr
	         $095a = XorLine.DoEndPixels
	         $0961 = BlackLine
	         $0996 = BlackLine.xline1
	         $09a4 = BlackLine.xline1x
	         $09bb = BlackLine.xline2
	         $09be = BlackLine.xline2x
	         $09c9 = BlackLine.xline3
	         $0a21 = BlackLine.loop10
	         $0a29 = BlackLine.loop11
	         $0a34 = BlackLine.skip11
	         $0a42 = BlackLine.skip13
	         $0a49 = BlackLine.loop15
	         $0a4c = BlackLine.loop16
	         $0a57 = BlackLine.skip16
	         $0a65 = BlackLine.skip18
	         $0a6c = BlackLine.mloop2
	         $0a6c = BlackLine.loop20
	         $0a74 = BlackLine.loop21
	         $0a85 = BlackLine.skip22
	         $0a8d = BlackLine.skip23
	         $0a94 = BlackLine.loop25
	         $0a97 = BlackLine.loop26
	         $0aa8 = BlackLine.skip27
	         $0ab0 = BlackLine.skip28
	         $0ab7 = BlackLine.VertLine
	         $0ade = BlackLine.loop30
	         $0ae5 = BlackLine.skip30
	         $0aef = BlackLine.pos30
	         $0af5 = BlackLine.loop32
	         $0afc = BlackLine.skip32
	         $0b06 = BlackLine.HorizLine
	         $0b12 = BlackLine.nosort
	         $0b49 = BlackLine.blitloop
	         $0b4d = BlackLine.blitloop2
	         $0b53 = BlackLine.done
	         $0b54 = BlackLine.sameadr
	         $0b5e = BlackLine.DoEndPixels
	         $0b65 = WhiteLine
	         $0b9a = WhiteLine.xline1
	         $0ba8 = WhiteLine.xline1x
	         $0bbf = WhiteLine.xline2
	         $0bc2 = WhiteLine.xline2x
	         $0bcd = WhiteLine.xline3
	         $0c26 = WhiteLine.loop10
	         $0c2e = WhiteLine.loop11
	         $0c39 = WhiteLine.skip11
	         $0c47 = WhiteLine.skip13
	         $0c4e = WhiteLine.loop15
	         $0c51 = WhiteLine.loop16
	         $0c5c = WhiteLine.skip16
	         $0c6a = WhiteLine.skip18
	         $0c71 = WhiteLine.mloop2
	         $0c71 = WhiteLine.loop20
	         $0c79 = WhiteLine.loop21
	         $0c8a = WhiteLine.skip22
	         $0c92 = WhiteLine.skip23
	         $0c99 = WhiteLine.loop25
	         $0c9c = WhiteLine.loop26
	         $0cad = WhiteLine.skip27
	         $0cb5 = WhiteLine.skip28
	         $0cbc = WhiteLine.VertLine
	         $0ce4 = WhiteLine.loop30
	         $0ceb = WhiteLine.skip30
	         $0cf5 = WhiteLine.pos30
	         $0cfb = WhiteLine.loop32
	         $0d02 = WhiteLine.skip32
	         $0d0c = WhiteLine.HorizLine
	         $0d18 = WhiteLine.nosort
	         $0d52 = WhiteLine.blitloop
	         $0d56 = WhiteLine.blitloop2
	         $0d5c = WhiteLine.done
	         $0d5d = WhiteLine.sameadr
	         $0d68 = WhiteLine.DoEndPixels
	         $0d6f = LightLine
	         $0da4 = LightLine.xline1
	         $0db2 = LightLine.xline1x
	         $0dc9 = LightLine.xline2
	         $0dcc = LightLine.xline2x
	         $0dd7 = LightLine.xline3
	         $0e31 = LightLine.loop10
	         $0e36 = LightLine.loop11
	         $0e41 = LightLine.skip11
	         $0e4f = LightLine.skip13
	         $0e57 = LightLine.loop15
	         $0e57 = LightLine.loop16
	         $0e62 = LightLine.skip16
	         $0e70 = LightLine.skip18
	         $0e78 = LightLine.mloop2
	         $0e78 = LightLine.loop20
	         $0e7d = LightLine.loop21
	         $0e8e = LightLine.skip22
	         $0e96 = LightLine.skip23
	         $0e9e = LightLine.loop25
	         $0e9e = LightLine.loop26
	         $0eaf = LightLine.skip27
	         $0eb7 = LightLine.skip28
	         $0ebf = LightLine.VertLine
	         $0ee8 = LightLine.loop30
	         $0eef = LightLine.skip30
	         $0ef9 = LightLine.pos30
	         $0eff = LightLine.loop32
	         $0f06 = LightLine.skip32
	         $0f10 = LightLine.HorizLine
	         $0f1c = LightLine.nosort
	         $0f57 = LightLine.blitloop
	         $0f5c = LightLine.blitloop2
	         $0f63 = LightLine.done
	         $0f64 = LightLine.sameadr
	         $0f6e = LightLine.DoEndPixels
	         $0f77 = DarkLine
	         $0fac = DarkLine.xline1
	         $0fba = DarkLine.xline1x
	         $0fd1 = DarkLine.xline2
	         $0fd4 = DarkLine.xline2x
	         $0fdf = DarkLine.xline3
	         $1039 = DarkLine.loop10
	         $103e = DarkLine.loop11
	         $1049 = DarkLine.skip11
	         $1057 = DarkLine.skip13
	         $105f = DarkLine.loop15
	         $105f = DarkLine.loop16
	         $106a = DarkLine.skip16
	         $1078 = DarkLine.skip18
	         $1080 = DarkLine.mloop2
	         $1080 = DarkLine.loop20
	         $1085 = DarkLine.loop21
	         $1096 = DarkLine.skip22
	         $109e = DarkLine.skip23
	         $10a6 = DarkLine.loop25
	         $10a6 = DarkLine.loop26
	         $10b7 = DarkLine.skip27
	         $10bf = DarkLine.skip28
	         $10c7 = DarkLine.VertLine
	         $10f0 = DarkLine.loop30
	         $10f7 = DarkLine.skip30
	         $1101 = DarkLine.pos30
	         $1107 = DarkLine.loop32
	         $110e = DarkLine.skip32
	         $1118 = DarkLine.HorizLine
	         $1124 = DarkLine.nosort
	         $115d = DarkLine.blitloop
	         $1162 = DarkLine.blitloop2
	         $1169 = DarkLine.done
	         $116a = DarkLine.sameadr
	         $1174 = DarkLine.DoEndPixels
	         $117d = SolidFill
	         $118d = fill01
	         $119b = fill1
	         $11a0 = fill2
	         $11a7 = fill3
	         $11c9 = fill4
	         $11d1 = fill5
	         $11e5 = fill6
	         $11e6 = fill7
	         $11e9 = fill8
	         $11f3 = ptst
	         $1206 = ptstoob
	         $120a = ellipse
	         $122d = Circ0
	         $1266 = Circ1
	         $12b7 = Circ2
	         $12e6 = PlotSh
	         $131f = Circ3
	         $1360 = Circ4
	         $137f = Circ5
	         $13ae = PlotSk
	         $13bb = PlotXY
	         $13cb = Mult
	         $13d3 = Mult1
	         $13d7 = Mult2
	         $13db = CompHD
	         $13e1 = SinLUp
	         $13ea = SABLE
	         $1445 = Comp
	         $144d = XorTri
	         $145a = WhiteTri
	         $1467 = BlackTri
	         $1474 = LightTri
	         $1481 = DarkTri
	         $148e = TextureTri
	         $149b = PatternTri
	         $14a8 = DisplayXorEdgeBuf
	         $14ad = DisplayXorEdgeBuf.start2
	         $14ba = DisplayXorEdgeBuf.mainl2
	         $14f7 = DisplayXorEdgeBuf.blitloop
	         $14ff = DisplayXorEdgeBuf.blitloop2
	         $1509 = DisplayXorEdgeBuf.done
	         $150f = DisplayXorEdgeBuf.sameadr
	         $1513 = DisplayXorEdgeBuf.DoEndPixels
	         $1520 = DisplayBlackEdgeBuf
	         $1525 = DisplayBlackEdgeBuf.start2
	         $1532 = DisplayBlackEdgeBuf.mainl2
	         $1571 = DisplayBlackEdgeBuf.blitloop
	         $1575 = DisplayBlackEdgeBuf.blitloop2
	         $157b = DisplayBlackEdgeBuf.done
	         $1581 = DisplayBlackEdgeBuf.sameadr
	         $1585 = DisplayBlackEdgeBuf.DoEndPixels
	         $1592 = DisplayWhiteEdgeBuf
	         $1597 = DisplayWhiteEdgeBuf.start2
	         $15a4 = DisplayWhiteEdgeBuf.mainl2
	         $15e5 = DisplayWhiteEdgeBuf.blitloop
	         $15e9 = DisplayWhiteEdgeBuf.blitloop2
	         $15ef = DisplayWhiteEdgeBuf.done
	         $15f5 = DisplayWhiteEdgeBuf.sameadr
	         $15fb = DisplayWhiteEdgeBuf.DoEndPixels
	         $1608 = DisplayLightEdgeBuf
	         $160d = DisplayLightEdgeBuf.start2
	         $161a = DisplayLightEdgeBuf.mainl2
	         $165c = DisplayLightEdgeBuf.blitloop
	         $1661 = DisplayLightEdgeBuf.blitloop2
	         $1668 = DisplayLightEdgeBuf.done
	         $1670 = DisplayLightEdgeBuf.sameadr
	         $1676 = DisplayLightEdgeBuf.DoEndPixels
	         $1683 = DisplayDarkEdgeBuf
	         $1688 = DisplayDarkEdgeBuf.start2
	         $1695 = DisplayDarkEdgeBuf.mainl2
	         $16d7 = DisplayDarkEdgeBuf.blitloop
	         $16dc = DisplayDarkEdgeBuf.blitloop2
	         $16e3 = DisplayDarkEdgeBuf.done
	         $16eb = DisplayDarkEdgeBuf.sameadr
	         $16f1 = DisplayDarkEdgeBuf.DoEndPixels
	         $16fe = SetTextureAddress
	         $1701 = DisplayTexturedEdgeBuf
	         $1706 = DisplayTexturedEdgeBuf.start2
	         $1714 = DisplayTexturedEdgeBuf.mainl2
	         $176d = DisplayTexturedEdgeBuf.blitloop
	         $1775 = DisplayTexturedEdgeBuf.blitloop2
	         $177f = DisplayTexturedEdgeBuf.done
	         $1784 = DisplayTexturedEdgeBuf.sameadr
	         $1787 = DisplayTexturedEdgeBuf.sameadr2
	         $17a9 = SetPatternAddress
	         $17b2 = DisplayPatternEdgeBuf
	         $17b7 = DisplayPatternEdgeBuf.start2
	         $17c4 = DisplayPatternEdgeBuf.mainl2
	         $1825 = DisplayPatternEdgeBuf.blitloop
	         $182e = DisplayPatternEdgeBuf.blitloop2
	         $1839 = DisplayPatternEdgeBuf.done
	         $183e = DisplayPatternEdgeBuf.sameadr
	         $1841 = DisplayPatternEdgeBuf.sameadr2
	         $1867 = RenderToEdgeBuf
	         $1891 = DoLine
	         $18b7 = DoLine.yline2
	         $18bf = DoLine.yline2x
	         $18ca = DoLine.yline3
	         $191f = _EdgeLoop1
	         $1921 = _ESPatch11
	         $1921 = _EdgeLoop1.floop1
	         $1923 = _efloop2
	         $1928 = _efloop2.skip2
	         $192e = _efloop2.skip3
	         $192f = _EXPatch11
	         $1936 = _EDPatch11
	         $193e = _eskip10
	         $1945 = _efloop3
	         $1945 = _ESPatch13
	         $1947 = _efloop4
	         $194c = _efloop4.skip12
	         $1952 = _efloop4.skip14
	         $1957 = _EXPatch12
	         $1958 = _EDPatch13
	         $1960 = _eskip11
	         $1967 = _EdgeLoop3
	         $1968 = InstallEdgeLineCode
	         $1975 = SortYCoords
	         $197e = SortYCoords.noswapbcde
	         $1987 = SortYCoords.noswapdehl
	         $1990 = SortYCoords.noswapbcde2
	         $19a5 = ClearEdgeBuf
	         $19b0 = ClearEdgeBuf.loop
	         $19c7 = WaitAndClearRenderBuffer
	         $19c7 = WaitAndClearRenderBuffer.loop0
	         $19d1 = ClearRenderBuffer
	         $19db = ClearRenderBuffer.loop
	         $1a00 = DrawCube
	         $1a17 = DrawCube.loop
	         $1a47 = DrawCube.done
	         $1a49 = OneRow
	         $1a7e = ProcessInput
	         $1a90 = ProcessInput.n0
	         $1a9c = ProcessInput.n1
	         $1aa8 = ProcessInput.n2
	         $1ab4 = ProcessInput.n3
	         $1ac0 = ProcessInput.n4
	         $1acc = ProcessInput.n5
	         $1acd = ProjectCube
	         $1ca8 = SetRotationMatrix
	         $1cb7 = SetRotationMatrix.skip_u1
	         $1cc8 = SetRotationMatrix.skip_u2
	         $1cd9 = SetRotationMatrix.skip_u3
	         $1cea = SetRotationMatrix.skip_u4
	         $1cfb = SetRotationMatrix.skip_u5
	         $1d0c = SetRotationMatrix.skip_u6
	         $1d1d = SetRotationMatrix.skip_u7
	         $1d2e = SetRotationMatrix.skip_u8
	         $1d3f = SetRotationMatrix.skip_u9
	         $1d50 = SetRotationMatrix.skip_u10
	         $1d53 = calca
	         $1d64 = calcb
	         $1d74 = calcc
	         $1d7c = calcd
	         $1daa = calce
	         $1dd6 = calcf
	         $1de6 = calcg
	         $1e12 = calch
	         $1e3e = calci
	         $1e4f = ProjectPoint
	         $1eb3 = SMult
	         $1ecd = cont1
	         $1ed3 = sloop
	         $1ed7 = jump1
	         $1efe = neg
	         $1f08 = cont2
	         $1f0c = cont3
	         $1f12 = sloop2
	         $1f16 = jump2
	         $1f47 = DrawPerson
	         $21b2 = DrawPerson.done
	         $21b4 = SmallStar
	         $2205 = sline
	         $220b = GB_AttrMap
	         $2283 = HatManCGBPalettes
	         $22ab = XorLines
	         $22c4 = XorLines.loop
	         $22c6 = XorLines.loop0
	         $22f0 = XorLines.mloop
	         $22f2 = XorLines.loop1
	         $2312 = XorLines.loop2
	         $2332 = XorLines.loop3
	         $2352 = XorLines.loop4
	         $2373 = UpDown
	         $2375 = UpDown.loop1
	         $2377 = UpDown.loop2
	         $2397 = UpDown2
	         $2399 = XorlineGBCPalettes
	         $23b9 = XorlineAttrMap
	         $246d = SetX
	         $247a = SetY
	         $2481 = RandomTris
	         $2486 = RandomTris.loop0
	         $2489 = RandomTris.loop
	         $24b3 = RandomTris.loop1
	         $24b6 = RandomTris.loop2
	         $24e2 = RandomTextureTris
	         $24e7 = RandomTextureTris.loop0
	         $24ea = RandomTextureTris.loop
	         $251e = RandomTextureTris.loop1
	         $2521 = RandomTextureTris.loop2
	         $2557 = LargeTriTest
	         $2562 = LargeTriTest.loop0
	         $2565 = LargeTriTest.loop
	         $258f = LargeTriTest.loop1
	         $2592 = LargeTriTest.loop2
	         $25ca = tristuff
	         $2665 = tri440
	         $2668 = tritest2
	         $266d = tritest2.outer
	         $2673 = tritest2.loop
	         $269e = tritest3
	         $26ac = tritest3.lpt
	         $26ae = tritest5
	         $26e8 = DrawX
	         $2742 = DrawX.hpp
	         $2745 = MassiveDelay
	         $2746 = MassiveDelay.loop2
	         $2749 = MassiveDelay.loop1
	         $274f = RandomColorBuffer
	         $2762 = RandomColorTriBW
	         $2769 = RandomColorTri
	         $276e = RCT2
	         $277c = DrawMario
	         $27a2 = DrawMario.loop1
	         $27a3 = DrawMario.loop2
	         $27d0 = DrawMario.loop3
	         $27e9 = Blink1
	         $27eb = Blink1.loop1
	         $27fe = Blink1.loop2
	         $280a = Blink2
	         $280c = Blink2.loop1
	         $281f = Blink2.loop2
	         $282b = DrawEyelash
	         $285c = DrawEyelash.loop2
	         $2868 = FunkyDelay
	         $286a = FunkyDly.loop1
	         $286a = FunkyDly
	         $286d = FunkyDly.loop2
	         $2876 = DrawFace
	         $287b = DrawEyes
	         $2880 = _DrawLoop1
	         $2888 = _DrawLoop2
	         $28e5 = _DrawLoop2.doline
	         $2922 = _DrawLoop2.listdone
	         $2923 = _DrawLoop2.setcolor
	         $292b = _DrawLoop2.DoTri
	         $2941 = _DrawLoop2.ScaleCoord
	         $2955 = _DrawLoop2.ScaleJmpTab
	         $2971 = _DrawLoop2.TriScale_5
	         $2975 = _DrawLoop2.TriScale_625
	         $297f = _DrawLoop2.TriScale_75
	         $2987 = _DrawLoop2.TriScale_875
	         $2993 = _DrawLoop2.TriScale1
	         $2995 = _DrawLoop2.TriScale1_25
	         $299d = _DrawLoop2.TriScale1_5
	         $29a3 = _DrawLoop2.TriScale1_75
	         $29ad = _DrawLoop2.TriScale2
	         $29b0 = _DrawLoop2.TriScale2_25
	         $29ba = _DrawLoop2.TriScale2_5
	         $29c2 = _DrawLoop2.TriScale2_75
	         $29ce = _DrawLoop2.TriScale3
	         $29d2 = _DrawLoop2.TriScale3_25
	         $29dd = FaceDisplayList
	         $2bac = EyesDisplayList
	         $2cad = MarioAttrMap
	         $2d3d = MarioGBCPalettes
	         $2d4d = BlueeyesGBCPalettes
	         $2d5d = AnimateStreet
	         $2d72 = AnimateStreet.loop1
	         $2d74 = AnimateStreet.loop2
	         $2db9 = DrawLeftTree
	         $2dc1 = DrawLeftTree.skip
	         $2df1 = DrawRightTree
	         $2df9 = DrawRightTree.skip
	         $2e28 = SetPatAdr
	         $2e2f = TreeOrgTable
	         $2e48 = TreeXTable
	         $2e68 = DrawTree
	         $2e6d = _DrawSLoop1
	         $2e75 = _DrawSLoop2
	         $2ed2 = _DrawSLoop2.doline
	         $2f0f = _DrawSLoop2.listdone
	         $2f10 = _DrawSLoop2.setcolor
	         $2f18 = DoTri
	         $2f36 = ScaleCoord
	         $2f4a = ScaleJmpTab
	         $2f72 = TriScale_25
	         $2f78 = TriScale_5
	         $2f7c = TriScale_625
	         $2f86 = TriScale_75
	         $2f8e = TriScale_875
	         $2f9a = TriScale1
	         $2f9c = TriScale1_25
	         $2fa4 = TriScale1_5
	         $2faa = TriScale1_75
	         $2fb4 = TriScale2
	         $2fb7 = TriScale2_25
	         $2fc1 = TriScale2_5
	         $2fc9 = TriScale2_75
	         $2fd5 = TriScale3
	         $2fd9 = TriScale3_25
	         $2fe4 = TriScale4
	         $2fe8 = TriScale5
	         $2fed = TriScale6
	         $2ff3 = TriScale7
	         $2ffa = TriScale8
	         $2fff = TreeDisplayList
	         $302c = StreetGBCPalettes
	         $303c = Menu
	         $31a4 = JumpTable
	SECTION: $31b2-$41b1 ($1000 bytes) ["Pattern Data"]
	         $31b2 = Patterns
	SECTION: $41b2-$51b1 ($1000 bytes) ["Font Data"]
	         $41b2 = Font
	SECTION: $51b2-$59b1 ($0800 bytes) ["8x8 Texture Data"]
	         $51b2 = Textures
	SECTION: $59b2-$5f66 ($05b5 bytes) ["Main Code"]
	         $59b2 = begin
	         $5a28 = WaitOnUser
	         $5a44 = WaitOnUser.down
	         $5a4d = WaitOnUser.nowrap1
	         $5a55 = WaitOnUser.up
	         $5a5d = WaitOnUser.nowrap2
	         $5a60 = WaitOnUser.execute
	         $5a84 = DrawPointer
	         $5a89 = DrawPointer.loop1
	         $5ab5 = DrawLine
	         $5acb = DrawPoint
	         $5aee = PntTest
	         $5afb = PntTest.skip1
	         $5b02 = PntTest.skip2
	         $5b07 = CalcPntAddr
	         $5b20 = Color0
	         $5b2b = Color1
	         $5b35 = Color2
	         $5b3f = Color3
	         $5b49 = PntXor
	         $5b51 = ClearTiles
	         $5b56 = ClearTiles.loop
	         $5b6b = SetLastTiles
	         $5b9e = SetAPATileMap1
	         $5ba3 = SetAPATileMap2
	         $5ba6 = _initscrn
	         $5baf = _initscrn.loop1
	         $5bb2 = _initscrn.loop2
	         $5bc7 = _initscrn.filledges
	         $5bde = _initscrn.fillcol
	         $5be4 = _initscrn.loop5
	         $5bec = ScreenOff
	         $5bf9 = ScreenOff.loop
	         $5c05 = SetCGB_BGP
	         $5c0c = SetCGB_BGP.loop
	         $5c12 = SetCGB_OBJP
	         $5c19 = SetCGB_OBJP.loop
	         $5c1f = FillCGBAttrPage1
	         $5c26 = FillCGBAttrPage2
	         $5c2b = _FillCGBAP
	         $5c30 = _FillCGBAP.memc0
	         $5c32 = _FillCGBAP.memc1
	         $5c34 = _FillCGBAP.memc2
	         $5c43 = SetCGBAttrMap1
	         $5c4a = SetCGBAttrMap2
	         $5c4f = _SetAttrMp
	         $5c53 = _SetAttrMp.memc0
	         $5c55 = _SetAttrMp.memc1
	         $5c5a = _SetAttrMp.memc2
	         $5c79 = _SetAttrMp.memc3
	         $5c9b = Copy20x18
	         $5c9d = Copy20xB
	         $5c9f = Copy20xB.loop
	         $5cb1 = ToggleCPUSpeed
	         $5cc9 = Randomize
	         $5cda = RandomFrom0To63
	         $5ce0 = RandomFrom0To127
	         $5ce6 = RandomFrom0To159
	         $5cee = RandomFrom0To143
	         $5cf6 = RandomNumber
	         $5d04 = RandomNumber.nocarry
	         $5d07 = RandomNumber.table
	         $5e07 = DefaultCGBPalettes
	         $5e47 = YTable
	EMPTY: $5f67-$7fff ($2099 bytes)
	TOTAL EMPTY: $242b bytes

WRAM0 bank #0:
	SECTION: $c000 (0 bytes) ["Low Ram Street"]
	SECTION: $c000-$d728 ($1729 bytes) ["Low Ram"]
	         $c000 = SrnBuffer
	         $d680 = SpriteTable
	         $d720 = dd
	         $d722 = Color
	         $d723 = RandomSeed
	         $d724 = StartDMA
	         $d725 = DMAState
	         $d726 = PointerY
	         $d727 = EnableAPA
	         $d728 = DMAFlag
	SECTION: $d729-$d914 ($01ec bytes) ["Triangle Ram"]
	         $d729 = EdgeBuf
	         $d84b = EdgeLineCode
	         $d913 = Middle
	SECTION: $d915-$da17 ($0103 bytes) ["Fill Ram"]
	         $d915 = EmptyColor
	         $d916 = StkSave
	         $da18 = FillStack
	SECTION: $da18-$da4e ($0037 bytes) ["3D Vars"]
	         $da18 = acc
	         $da19 = ext
	         $da1a = aux
	         $da1b = rem
	         $da1c = sx
	         $da1d = sy
	         $da1e = sz
	         $da1f = t1
	         $da20 = t2
	         $da21 = t3
	         $da22 = t4
	         $da23 = t5
	         $da24 = t6
	         $da25 = t7
	         $da26 = t8
	         $da27 = t9
	         $da28 = t10
	         $da29 = ttx1
	         $da2a = tty1
	         $da2b = a11
	         $da2c = b12
	         $da2d = c13
	         $da2e = d21
	         $da2f = e22
	         $da30 = f23
	         $da31 = g31
	         $da32 = h32
	         $da33 = i33
	         $da34 = ta
	         $da35 = tb
	         $da36 = tc
	         $da37 = td
	         $da38 = te
	         $da39 = tf
	         $da3a = tg
	         $da3b = th
	         $da3c = ti
	         $da3d = p1x
	         $da3e = p2x
	         $da3f = p3x
	         $da40 = p4x
	         $da41 = p5x
	         $da42 = p6x
	         $da43 = p7x
	         $da44 = p8x
	         $da45 = p1y
	         $da46 = p2y
	         $da47 = p3y
	         $da48 = p4y
	         $da49 = p5y
	         $da4a = p6y
	         $da4b = p7y
	         $da4c = p8y
	         $da4d = xoff
	         $da4e = yoff
	SECTION: $da4f-$da65 ($0017 bytes) ["Ellipse Ram"]
	         $da4f = ColX
	         $da51 = ColY
	         $da53 = ChkVal
	         $da54 = SinInc
	         $da55 = XRad
	         $da57 = YRad
	         $da59 = RelX1
	         $da5b = RelX2
	         $da5d = RelY1
	         $da5f = RelY2
	         $da61 = SinCnt
	         $da62 = xm
	         $da64 = ym
	SECTION: $da66-$da6b ($0006 bytes) ["Low Ram Mario"]
	         $da66 = TriTable
	         $da68 = TriColor
	         $da69 = TriScale
	         $da6a = TriXOffset
	         $da6b = TriYOffset
	SECTION: $da6c-$da6d ($0002 bytes) ["UtilityVars"]
	         $da6c = _PadData
	         $da6d = _PadDataEdge
	EMPTY: $da6e-$dfff ($0592 bytes)
	TOTAL EMPTY: $0592 bytes

SUMMARY:
	ROM0: 23509 bytes used / 9259 free
	WRAM0: 6766 bytes used / 1426 free
